// Jest Snapshot v1, https://goo.gl/fbAQLP

exports[`AnswerQuestion Component will match snapshot 1`] = `
Object {
  "asFragment": [Function],
  "baseElement": <body>
    <div>
      <div
        style="display: flex; justify-content: center; text-align: center;"
      >
        <div
          class="p-card p-component"
          data-pc-name="card"
          data-pc-section="root"
          style="width: 400px;"
        >
          <div
            class="p-card-body"
            data-pc-section="body"
          >
            <div
              class="p-card-title"
              data-pc-section="title"
            >
              Poll by undefined
            </div>
            <div
              class="p-card-content"
              data-pc-section="content"
            >
              <span
                class="p-image p-component"
                data-pc-name="image"
                data-pc-section="root"
                style="width: 200px; border-radius: 50%;"
              />
              <h1>
                Would You Rather
              </h1>
              <div
                style="display: flex; flex-direction: column; align-items: center;"
              >
                <button
                  class="p-button-outlined p-button p-component"
                  data-pc-name="button"
                  data-pc-section="root"
                  style="width: 100%; margin-bottom: 10px;"
                >
                  <span
                    class="p-button-label p-c"
                    data-pc-section="label"
                  >
                     
                  </span>
                </button>
                <button
                  class="p-button-outlined p-button p-component"
                  data-pc-name="button"
                  data-pc-section="root"
                  style="width: 100%; margin-top: 10px;"
                >
                  <span
                    class="p-button-label p-c"
                    data-pc-section="label"
                  >
                     
                  </span>
                </button>
              </div>
            </div>
          </div>
        </div>
      </div>
    </div>
  </body>,
  "container": <div>
    <div
      style="display: flex; justify-content: center; text-align: center;"
    >
      <div
        class="p-card p-component"
        data-pc-name="card"
        data-pc-section="root"
        style="width: 400px;"
      >
        <div
          class="p-card-body"
          data-pc-section="body"
        >
          <div
            class="p-card-title"
            data-pc-section="title"
          >
            Poll by undefined
          </div>
          <div
            class="p-card-content"
            data-pc-section="content"
          >
            <span
              class="p-image p-component"
              data-pc-name="image"
              data-pc-section="root"
              style="width: 200px; border-radius: 50%;"
            />
            <h1>
              Would You Rather
            </h1>
            <div
              style="display: flex; flex-direction: column; align-items: center;"
            >
              <button
                class="p-button-outlined p-button p-component"
                data-pc-name="button"
                data-pc-section="root"
                style="width: 100%; margin-bottom: 10px;"
              >
                <span
                  class="p-button-label p-c"
                  data-pc-section="label"
                >
                   
                </span>
              </button>
              <button
                class="p-button-outlined p-button p-component"
                data-pc-name="button"
                data-pc-section="root"
                style="width: 100%; margin-top: 10px;"
              >
                <span
                  class="p-button-label p-c"
                  data-pc-section="label"
                >
                   
                </span>
              </button>
            </div>
          </div>
        </div>
      </div>
    </div>
  </div>,
  "debug": [Function],
  "findAllByAltText": [Function],
  "findAllByDisplayValue": [Function],
  "findAllByLabelText": [Function],
  "findAllByPlaceholderText": [Function],
  "findAllByRole": [Function],
  "findAllByTestId": [Function],
  "findAllByText": [Function],
  "findAllByTitle": [Function],
  "findByAltText": [Function],
  "findByDisplayValue": [Function],
  "findByLabelText": [Function],
  "findByPlaceholderText": [Function],
  "findByRole": [Function],
  "findByTestId": [Function],
  "findByText": [Function],
  "findByTitle": [Function],
  "getAllByAltText": [Function],
  "getAllByDisplayValue": [Function],
  "getAllByLabelText": [Function],
  "getAllByPlaceholderText": [Function],
  "getAllByRole": [Function],
  "getAllByTestId": [Function],
  "getAllByText": [Function],
  "getAllByTitle": [Function],
  "getByAltText": [Function],
  "getByDisplayValue": [Function],
  "getByLabelText": [Function],
  "getByPlaceholderText": [Function],
  "getByRole": [Function],
  "getByTestId": [Function],
  "getByText": [Function],
  "getByTitle": [Function],
  "queryAllByAltText": [Function],
  "queryAllByDisplayValue": [Function],
  "queryAllByLabelText": [Function],
  "queryAllByPlaceholderText": [Function],
  "queryAllByRole": [Function],
  "queryAllByTestId": [Function],
  "queryAllByText": [Function],
  "queryAllByTitle": [Function],
  "queryByAltText": [Function],
  "queryByDisplayValue": [Function],
  "queryByLabelText": [Function],
  "queryByPlaceholderText": [Function],
  "queryByRole": [Function],
  "queryByTestId": [Function],
  "queryByText": [Function],
  "queryByTitle": [Function],
  "rerender": [Function],
  "unmount": [Function],
}
`;
