// Jest Snapshot v1, https://goo.gl/fbAQLP

exports[`Login page will match to snapshot 1`] = `
Object {
  "asFragment": [Function],
  "baseElement": <body>
    <div>
      <div
        class="flex justify-content-center align-items-center vh-100"
      >
        <div
          class="shadow p-card p-component"
          data-pc-name="card"
          data-pc-section="root"
          style="width: 400px;"
        >
          <div
            class="p-card-body"
            data-pc-section="body"
          >
            <div
              class="p-card-title"
              data-pc-section="title"
            >
              Employee Polls
            </div>
            <div
              class="p-card-content"
              data-pc-section="content"
            >
              <h3
                class="text-center mb-4"
              >
                Login
              </h3>
              <form>
                <div
                  class="mb-4"
                >
                  <label
                    class="p-float-label"
                    for="username"
                  >
                    <input
                      class="p-inputtext p-component"
                      data-pc-name="inputtext"
                      data-pc-section="root"
                      data-testid="username-input"
                      id="username"
                      required=""
                      value=""
                    />
                    <label
                      for="username"
                    >
                      Username
                    </label>
                  </label>
                </div>
                <div
                  class="mb-4"
                >
                  <label
                    class="p-float-label"
                    for="password"
                  >
                    <input
                      class="p-inputtext p-component"
                      data-pc-name="inputtext"
                      data-pc-section="root"
                      data-testid="password-input"
                      id="password"
                      required=""
                      type="password"
                      value=""
                    />
                    <label
                      for="password"
                    >
                      Password
                    </label>
                  </label>
                </div>
                <button
                  aria-label="Login"
                  class="w-full p-button p-component"
                  data-pc-name="button"
                  data-pc-section="root"
                  data-testid="submit"
                  type="button"
                >
                  <span
                    class="p-button-label p-c"
                    data-pc-section="label"
                  >
                    Login
                  </span>
                </button>
              </form>
            </div>
          </div>
        </div>
      </div>
    </div>
  </body>,
  "container": <div>
    <div
      class="flex justify-content-center align-items-center vh-100"
    >
      <div
        class="shadow p-card p-component"
        data-pc-name="card"
        data-pc-section="root"
        style="width: 400px;"
      >
        <div
          class="p-card-body"
          data-pc-section="body"
        >
          <div
            class="p-card-title"
            data-pc-section="title"
          >
            Employee Polls
          </div>
          <div
            class="p-card-content"
            data-pc-section="content"
          >
            <h3
              class="text-center mb-4"
            >
              Login
            </h3>
            <form>
              <div
                class="mb-4"
              >
                <label
                  class="p-float-label"
                  for="username"
                >
                  <input
                    class="p-inputtext p-component"
                    data-pc-name="inputtext"
                    data-pc-section="root"
                    data-testid="username-input"
                    id="username"
                    required=""
                    value=""
                  />
                  <label
                    for="username"
                  >
                    Username
                  </label>
                </label>
              </div>
              <div
                class="mb-4"
              >
                <label
                  class="p-float-label"
                  for="password"
                >
                  <input
                    class="p-inputtext p-component"
                    data-pc-name="inputtext"
                    data-pc-section="root"
                    data-testid="password-input"
                    id="password"
                    required=""
                    type="password"
                    value=""
                  />
                  <label
                    for="password"
                  >
                    Password
                  </label>
                </label>
              </div>
              <button
                aria-label="Login"
                class="w-full p-button p-component"
                data-pc-name="button"
                data-pc-section="root"
                data-testid="submit"
                type="button"
              >
                <span
                  class="p-button-label p-c"
                  data-pc-section="label"
                >
                  Login
                </span>
              </button>
            </form>
          </div>
        </div>
      </div>
    </div>
  </div>,
  "debug": [Function],
  "findAllByAltText": [Function],
  "findAllByDisplayValue": [Function],
  "findAllByLabelText": [Function],
  "findAllByPlaceholderText": [Function],
  "findAllByRole": [Function],
  "findAllByTestId": [Function],
  "findAllByText": [Function],
  "findAllByTitle": [Function],
  "findByAltText": [Function],
  "findByDisplayValue": [Function],
  "findByLabelText": [Function],
  "findByPlaceholderText": [Function],
  "findByRole": [Function],
  "findByTestId": [Function],
  "findByText": [Function],
  "findByTitle": [Function],
  "getAllByAltText": [Function],
  "getAllByDisplayValue": [Function],
  "getAllByLabelText": [Function],
  "getAllByPlaceholderText": [Function],
  "getAllByRole": [Function],
  "getAllByTestId": [Function],
  "getAllByText": [Function],
  "getAllByTitle": [Function],
  "getByAltText": [Function],
  "getByDisplayValue": [Function],
  "getByLabelText": [Function],
  "getByPlaceholderText": [Function],
  "getByRole": [Function],
  "getByTestId": [Function],
  "getByText": [Function],
  "getByTitle": [Function],
  "queryAllByAltText": [Function],
  "queryAllByDisplayValue": [Function],
  "queryAllByLabelText": [Function],
  "queryAllByPlaceholderText": [Function],
  "queryAllByRole": [Function],
  "queryAllByTestId": [Function],
  "queryAllByText": [Function],
  "queryAllByTitle": [Function],
  "queryByAltText": [Function],
  "queryByDisplayValue": [Function],
  "queryByLabelText": [Function],
  "queryByPlaceholderText": [Function],
  "queryByRole": [Function],
  "queryByTestId": [Function],
  "queryByText": [Function],
  "queryByTitle": [Function],
  "rerender": [Function],
  "unmount": [Function],
}
`;
